// Jest Snapshot v1, https://goo.gl/fbAQLP

exports[`grid-table 1`] = `
"<h1>Grid table</h1>
<h2>Basic example</h2>
<table><thead><tr><th colspan=\\"2\\" rowspan=\\"1\\"><p>Table Headings</p></th><th colspan=\\"1\\" rowspan=\\"1\\"><p>Here</p></th></tr><tr><th colspan=\\"1\\" rowspan=\\"1\\"><p>Sub</p></th><th colspan=\\"1\\" rowspan=\\"1\\"><p>Headings</p></th><th colspan=\\"1\\" rowspan=\\"1\\"><p>Too</p></th></tr></thead><tbody><tr><td colspan=\\"1\\" rowspan=\\"2\\"><p>cell
spans
rows</p></td><td colspan=\\"2\\" rowspan=\\"1\\"><p>column spanning</p></td></tr><tr><td colspan=\\"1\\" rowspan=\\"1\\"><p>normal</p></td><td colspan=\\"1\\" rowspan=\\"1\\"><p>cell</p></td></tr><tr><td colspan=\\"1\\" rowspan=\\"1\\"><p>multi
line</p><p>cells
too</p></td><td colspan=\\"2\\" rowspan=\\"1\\"><p>cells can be
<em>formatted</em>
<strong>paragraphs</strong></p></td></tr></tbody></table>
<table><thead><tr><th colspan=\\"1\\" rowspan=\\"1\\"><p>A</p></th><th colspan=\\"1\\" rowspan=\\"1\\"><p>B</p></th><th colspan=\\"1\\" rowspan=\\"1\\"><p>C</p></th></tr></thead><tbody><tr><td colspan=\\"1\\" rowspan=\\"2\\"><p>D</p></td><td colspan=\\"2\\" rowspan=\\"1\\"><p>E</p></td></tr><tr><td colspan=\\"1\\" rowspan=\\"1\\"><p>F</p></td><td colspan=\\"1\\" rowspan=\\"1\\"><p>G</p></td></tr></tbody></table>
<table><tbody><tr><td colspan=\\"1\\" rowspan=\\"3\\"><p>A</p></td><td colspan=\\"2\\" rowspan=\\"1\\"><p>B</p></td></tr><tr><td colspan=\\"1\\" rowspan=\\"1\\"><p>C</p></td><td colspan=\\"1\\" rowspan=\\"1\\"><p>D</p></td></tr><tr><td colspan=\\"2\\" rowspan=\\"1\\"><p>E</p></td></tr></tbody></table>
<table><tbody><tr><td colspan=\\"3\\" rowspan=\\"1\\"><p>A</p></td></tr><tr><td colspan=\\"1\\" rowspan=\\"2\\"><p>B</p></td><td colspan=\\"1\\" rowspan=\\"1\\"><p>C</p></td><td colspan=\\"1\\" rowspan=\\"2\\"><p>D</p></td></tr><tr><td colspan=\\"1\\" rowspan=\\"1\\"><p>E</p></td></tr></tbody></table>
<table><tbody><tr><td colspan=\\"1\\" rowspan=\\"4\\"><p>C</p></td><td colspan=\\"1\\" rowspan=\\"2\\"><p>D</p></td><td colspan=\\"1\\" rowspan=\\"1\\"><p>E</p></td></tr><tr><td colspan=\\"1\\" rowspan=\\"1\\"><p>F</p></td></tr><tr><td colspan=\\"1\\" rowspan=\\"2\\"><p>G</p></td><td colspan=\\"1\\" rowspan=\\"1\\"><p>H</p></td></tr><tr><td colspan=\\"1\\" rowspan=\\"1\\"><p>I</p></td></tr></tbody></table>
<table><tbody><tr><td colspan=\\"1\\" rowspan=\\"1\\"><p>A</p></td><td colspan=\\"1\\" rowspan=\\"2\\"><p>B</p></td><td colspan=\\"1\\" rowspan=\\"4\\"><p>C</p></td></tr><tr><td colspan=\\"1\\" rowspan=\\"1\\"><p>D</p></td></tr><tr><td colspan=\\"1\\" rowspan=\\"1\\"><p>E</p></td><td colspan=\\"1\\" rowspan=\\"2\\"><p>F</p></td></tr><tr><td colspan=\\"1\\" rowspan=\\"1\\"><p>G</p></td></tr></tbody></table>
<table><tbody><tr><td colspan=\\"1\\" rowspan=\\"1\\"><p>A</p></td><td colspan=\\"1\\" rowspan=\\"1\\"><p>B</p></td><td colspan=\\"1\\" rowspan=\\"1\\"><p>C</p></td><td colspan=\\"1\\" rowspan=\\"1\\"><p>D</p></td></tr><tr><td colspan=\\"2\\" rowspan=\\"1\\"><p>E</p></td><td colspan=\\"2\\" rowspan=\\"1\\"><p>F</p></td></tr><tr><td colspan=\\"4\\" rowspan=\\"1\\"><p>G</p></td></tr></tbody></table>
<table><tbody><tr><td colspan=\\"4\\" rowspan=\\"1\\"><p>A</p></td></tr><tr><td colspan=\\"2\\" rowspan=\\"1\\"><p>B</p></td><td colspan=\\"2\\" rowspan=\\"1\\"><p>C</p></td></tr><tr><td colspan=\\"1\\" rowspan=\\"1\\"><p>D</p></td><td colspan=\\"1\\" rowspan=\\"1\\"><p>E</p></td><td colspan=\\"1\\" rowspan=\\"1\\"><p>F</p></td><td colspan=\\"1\\" rowspan=\\"1\\"><p>G</p></td></tr></tbody></table>
<table><tbody><tr><td colspan=\\"1\\" rowspan=\\"3\\"><p>A</p></td><td colspan=\\"1\\" rowspan=\\"2\\"><p>B</p></td><td colspan=\\"1\\" rowspan=\\"1\\"><p>C</p></td><td colspan=\\"1\\" rowspan=\\"1\\"><p>D</p></td><td colspan=\\"1\\" rowspan=\\"2\\"><p>E</p></td><td colspan=\\"1\\" rowspan=\\"3\\"><p>F</p></td></tr><tr><td colspan=\\"2\\" rowspan=\\"1\\"><p>G</p></td></tr><tr><td colspan=\\"4\\" rowspan=\\"1\\"><p>H</p></td></tr><tr><td colspan=\\"6\\" rowspan=\\"1\\"><p>I</p></td></tr></tbody></table>
<table><thead><tr><th colspan=\\"1\\" rowspan=\\"1\\"><p>A</p></th><th colspan=\\"6\\" rowspan=\\"1\\"><p>B</p></th></tr></thead><tbody><tr><td colspan=\\"1\\" rowspan=\\"4\\"><p>C</p></td><td colspan=\\"6\\" rowspan=\\"4\\"><table><tbody><tr><td colspan=\\"1\\" rowspan=\\"1\\"><p>D</p></td><td colspan=\\"1\\" rowspan=\\"1\\"><p>E</p></td><td colspan=\\"1\\" rowspan=\\"1\\"><p>F</p></td><td colspan=\\"1\\" rowspan=\\"1\\"><p>G</p></td></tr><tr><td colspan=\\"4\\" rowspan=\\"1\\"><p>H</p></td></tr></tbody></table></td></tr><tr></tr><tr></tr><tr></tr></tbody></table>
<table><tbody><tr><td colspan=\\"1\\" rowspan=\\"1\\"><p>H</p></td><td colspan=\\"16\\" rowspan=\\"1\\"></td><td colspan=\\"1\\" rowspan=\\"1\\"><p>He</p></td></tr><tr><td colspan=\\"1\\" rowspan=\\"1\\"><p>Li</p></td><td colspan=\\"1\\" rowspan=\\"1\\"><p>Be</p></td><td colspan=\\"10\\" rowspan=\\"2\\"></td><td colspan=\\"1\\" rowspan=\\"1\\"><p>B</p></td><td colspan=\\"1\\" rowspan=\\"1\\"><p>C</p></td><td colspan=\\"1\\" rowspan=\\"1\\"><p>N</p></td><td colspan=\\"1\\" rowspan=\\"1\\"><p>O</p></td><td colspan=\\"1\\" rowspan=\\"1\\"><p>F</p></td><td colspan=\\"1\\" rowspan=\\"1\\"><p>Ne</p></td></tr><tr><td colspan=\\"1\\" rowspan=\\"1\\"><p>Na</p></td><td colspan=\\"1\\" rowspan=\\"1\\"><p>Mg</p></td><td colspan=\\"1\\" rowspan=\\"1\\"><p>Al</p></td><td colspan=\\"1\\" rowspan=\\"1\\"><p>Si</p></td><td colspan=\\"1\\" rowspan=\\"1\\"><p>P</p></td><td colspan=\\"1\\" rowspan=\\"1\\"><p>S</p></td><td colspan=\\"1\\" rowspan=\\"1\\"><p>Cl</p></td><td colspan=\\"1\\" rowspan=\\"1\\"><p>Ar</p></td></tr><tr><td colspan=\\"1\\" rowspan=\\"1\\"><p>K</p></td><td colspan=\\"1\\" rowspan=\\"1\\"><p>Ca</p></td><td colspan=\\"1\\" rowspan=\\"1\\"><p>Sc</p></td><td colspan=\\"1\\" rowspan=\\"1\\"><p>Ti</p></td><td colspan=\\"1\\" rowspan=\\"1\\"><p>V</p></td><td colspan=\\"1\\" rowspan=\\"1\\"><p>Cr</p></td><td colspan=\\"1\\" rowspan=\\"1\\"><p>Mn</p></td><td colspan=\\"1\\" rowspan=\\"1\\"><p>Fe</p></td><td colspan=\\"1\\" rowspan=\\"1\\"><p>Co</p></td><td colspan=\\"1\\" rowspan=\\"1\\"><p>Ni</p></td><td colspan=\\"1\\" rowspan=\\"1\\"><p>Cu</p></td><td colspan=\\"1\\" rowspan=\\"1\\"><p>Zn</p></td><td colspan=\\"1\\" rowspan=\\"1\\"><p>Ga</p></td><td colspan=\\"1\\" rowspan=\\"1\\"><p>Ge</p></td><td colspan=\\"1\\" rowspan=\\"1\\"><p>As</p></td><td colspan=\\"1\\" rowspan=\\"1\\"><p>Se</p></td><td colspan=\\"1\\" rowspan=\\"1\\"><p>Br</p></td><td colspan=\\"1\\" rowspan=\\"1\\"><p>Kr</p></td></tr><tr><td colspan=\\"1\\" rowspan=\\"1\\"><p>Rb</p></td><td colspan=\\"1\\" rowspan=\\"1\\"><p>Sr</p></td><td colspan=\\"1\\" rowspan=\\"1\\"><p>Y</p></td><td colspan=\\"1\\" rowspan=\\"1\\"><p>Zr</p></td><td colspan=\\"1\\" rowspan=\\"1\\"><p>Nb</p></td><td colspan=\\"1\\" rowspan=\\"1\\"><p>Mo</p></td><td colspan=\\"1\\" rowspan=\\"1\\"><p>Tc</p></td><td colspan=\\"1\\" rowspan=\\"1\\"><p>Ru</p></td><td colspan=\\"1\\" rowspan=\\"1\\"><p>Rh</p></td><td colspan=\\"1\\" rowspan=\\"1\\"><p>Pd</p></td><td colspan=\\"1\\" rowspan=\\"1\\"><p>Ag</p></td><td colspan=\\"1\\" rowspan=\\"1\\"><p>Cd</p></td><td colspan=\\"1\\" rowspan=\\"1\\"><p>In</p></td><td colspan=\\"1\\" rowspan=\\"1\\"><p>Sn</p></td><td colspan=\\"1\\" rowspan=\\"1\\"><p>Sb</p></td><td colspan=\\"1\\" rowspan=\\"1\\"><p>Te</p></td><td colspan=\\"1\\" rowspan=\\"1\\"><p>I</p></td><td colspan=\\"1\\" rowspan=\\"1\\"><p>Xe</p></td></tr><tr><td colspan=\\"1\\" rowspan=\\"1\\"><p>Cs</p></td><td colspan=\\"1\\" rowspan=\\"1\\"><p>Ba</p></td><td colspan=\\"1\\" rowspan=\\"1\\"><p>LAN</p></td><td colspan=\\"1\\" rowspan=\\"1\\"><p>Hf</p></td><td colspan=\\"1\\" rowspan=\\"1\\"><p>Ta</p></td><td colspan=\\"1\\" rowspan=\\"1\\"><p>W</p></td><td colspan=\\"1\\" rowspan=\\"1\\"><p>Re</p></td><td colspan=\\"1\\" rowspan=\\"1\\"><p>Os</p></td><td colspan=\\"1\\" rowspan=\\"1\\"><p>Ir</p></td><td colspan=\\"1\\" rowspan=\\"1\\"><p>Pt</p></td><td colspan=\\"1\\" rowspan=\\"1\\"><p>Au</p></td><td colspan=\\"1\\" rowspan=\\"1\\"><p>Hg</p></td><td colspan=\\"1\\" rowspan=\\"1\\"><p>Tl</p></td><td colspan=\\"1\\" rowspan=\\"1\\"><p>Pb</p></td><td colspan=\\"1\\" rowspan=\\"1\\"><p>Bi</p></td><td colspan=\\"1\\" rowspan=\\"1\\"><p>Po</p></td><td colspan=\\"1\\" rowspan=\\"1\\"><p>At</p></td><td colspan=\\"1\\" rowspan=\\"1\\"><p>Rn</p></td></tr><tr><td colspan=\\"1\\" rowspan=\\"1\\"><p>Fr</p></td><td colspan=\\"1\\" rowspan=\\"1\\"><p>Ra</p></td><td colspan=\\"1\\" rowspan=\\"1\\"><p>ACT</p></td><td colspan=\\"15\\" rowspan=\\"1\\"></td></tr><tr><td colspan=\\"18\\" rowspan=\\"1\\"></td></tr><tr><td colspan=\\"3\\" rowspan=\\"1\\"><p>Lanthanide</p></td><td colspan=\\"1\\" rowspan=\\"1\\"><p>La</p></td><td colspan=\\"1\\" rowspan=\\"1\\"><p>Ce</p></td><td colspan=\\"1\\" rowspan=\\"1\\"><p>Pr</p></td><td colspan=\\"1\\" rowspan=\\"1\\"><p>Nd</p></td><td colspan=\\"1\\" rowspan=\\"1\\"><p>Pm</p></td><td colspan=\\"1\\" rowspan=\\"1\\"><p>Sm</p></td><td colspan=\\"1\\" rowspan=\\"1\\"><p>Eu</p></td><td colspan=\\"1\\" rowspan=\\"1\\"><p>Gd</p></td><td colspan=\\"1\\" rowspan=\\"1\\"><p>Tb</p></td><td colspan=\\"1\\" rowspan=\\"1\\"><p>Dy</p></td><td colspan=\\"1\\" rowspan=\\"1\\"><p>Ho</p></td><td colspan=\\"1\\" rowspan=\\"1\\"><p>Er</p></td><td colspan=\\"1\\" rowspan=\\"1\\"><p>Tm</p></td><td colspan=\\"1\\" rowspan=\\"1\\"><p>Yb</p></td><td colspan=\\"1\\" rowspan=\\"1\\"><p>Lu</p></td></tr><tr><td colspan=\\"3\\" rowspan=\\"1\\"><p>Actinide</p></td><td colspan=\\"1\\" rowspan=\\"1\\"><p>Ac</p></td><td colspan=\\"1\\" rowspan=\\"1\\"><p>Th</p></td><td colspan=\\"1\\" rowspan=\\"1\\"><p>Pa</p></td><td colspan=\\"1\\" rowspan=\\"1\\"><p>U</p></td><td colspan=\\"1\\" rowspan=\\"1\\"><p>Np</p></td><td colspan=\\"1\\" rowspan=\\"1\\"><p>Pu</p></td><td colspan=\\"1\\" rowspan=\\"1\\"><p>Am</p></td><td colspan=\\"1\\" rowspan=\\"1\\"><p>Cm</p></td><td colspan=\\"1\\" rowspan=\\"1\\"><p>Bk</p></td><td colspan=\\"1\\" rowspan=\\"1\\"><p>Cf</p></td><td colspan=\\"1\\" rowspan=\\"1\\"><p>Es</p></td><td colspan=\\"1\\" rowspan=\\"1\\"><p>Fm</p></td><td colspan=\\"1\\" rowspan=\\"1\\"><p>Md</p></td><td colspan=\\"1\\" rowspan=\\"1\\"><p>No</p></td><td colspan=\\"1\\" rowspan=\\"1\\"><p>Lw</p></td></tr></tbody></table>
<table><tbody><tr><td colspan=\\"1\\" rowspan=\\"1\\"><p>A</p></td></tr></tbody></table>
<p>Text at the end</p>
<table><tbody><tr><td colspan=\\"1\\" rowspan=\\"1\\"><p>A</p></td></tr></tbody></table>
<p>Text at the</p>
<h2>specific tests</h2>
<p>In this examples, the second row should always be a full-cell</p>
<table><tbody><tr><td colspan=\\"4\\" rowspan=\\"1\\"><p>A</p></td></tr><tr><td colspan=\\"4\\" rowspan=\\"1\\"><p>B | C</p></td></tr><tr><td colspan=\\"1\\" rowspan=\\"1\\"><p>D</p></td><td colspan=\\"1\\" rowspan=\\"1\\"><p>E</p></td><td colspan=\\"1\\" rowspan=\\"1\\"><p>F</p></td><td colspan=\\"1\\" rowspan=\\"1\\"><p>G</p></td></tr></tbody></table>
<table><tbody><tr><td colspan=\\"1\\" rowspan=\\"1\\"><p>A</p></td><td colspan=\\"3\\" rowspan=\\"1\\"></td></tr><tr><td colspan=\\"4\\" rowspan=\\"1\\"><p>B | C</p></td></tr><tr><td colspan=\\"2\\" rowspan=\\"1\\"><p>D   E</p></td><td colspan=\\"1\\" rowspan=\\"1\\"><p>F</p></td><td colspan=\\"1\\" rowspan=\\"1\\"><p>G</p></td></tr></tbody></table>
<table><tbody><tr><td colspan=\\"1\\" rowspan=\\"1\\"><p>A</p></td><td colspan=\\"1\\" rowspan=\\"1\\"><p>B</p></td><td colspan=\\"1\\" rowspan=\\"1\\"><p>C</p></td><td colspan=\\"1\\" rowspan=\\"1\\"><p>D</p></td></tr><tr><td colspan=\\"4\\" rowspan=\\"1\\"><p>B | C</p></td></tr><tr><td colspan=\\"1\\" rowspan=\\"1\\"><p>D</p></td><td colspan=\\"1\\" rowspan=\\"1\\"><p>E</p></td><td colspan=\\"1\\" rowspan=\\"1\\"><p>F</p></td><td colspan=\\"1\\" rowspan=\\"1\\"><p>G</p></td></tr></tbody></table>
<table><tbody><tr><td colspan=\\"1\\" rowspan=\\"1\\"><p>A</p></td><td colspan=\\"1\\" rowspan=\\"1\\"><p>B</p></td><td colspan=\\"1\\" rowspan=\\"1\\"><p>C</p></td><td colspan=\\"1\\" rowspan=\\"1\\"><p>D</p></td></tr><tr><td colspan=\\"4\\" rowspan=\\"1\\"><p>B  | C</p></td></tr><tr><td colspan=\\"1\\" rowspan=\\"1\\"><p>D</p></td><td colspan=\\"1\\" rowspan=\\"1\\"><p>E</p></td><td colspan=\\"1\\" rowspan=\\"1\\"><p>F</p></td><td colspan=\\"1\\" rowspan=\\"1\\"><p>G</p></td></tr></tbody></table>
<h2>Failing example</h2>
<p>+--- A ---+</p>
<p>+---------+
+---------+</p>
<p>+---------+
| A       |
|         |</p>
<p>+---------+
| A       |
+=========+
| B       |
+=========+</p>
<p>+--- A ---+
|         |</p>
<table><tbody><tr><td colspan=\\"1\\" rowspan=\\"1\\"></td></tr></tbody></table>
<p>Bug #107</p>
<table><thead><tr><th colspan=\\"1\\" rowspan=\\"1\\"></th><th colspan=\\"2\\" rowspan=\\"1\\"><p>case1</p></th><th colspan=\\"2\\" rowspan=\\"1\\"><p>case2</p></th><th colspan=\\"1\\" rowspan=\\"1\\"><p>case3</p></th></tr><tr><th colspan=\\"1\\" rowspan=\\"1\\"></th><th colspan=\\"1\\" rowspan=\\"1\\"><p>case4</p></th><th colspan=\\"1\\" rowspan=\\"1\\"><p>case5</p></th><th colspan=\\"1\\" rowspan=\\"1\\"><p>case6</p></th><th colspan=\\"1\\" rowspan=\\"1\\"><p>case7</p></th><th colspan=\\"1\\" rowspan=\\"1\\"></th></tr></thead><tbody><tr><td colspan=\\"1\\" rowspan=\\"1\\"><p> X</p></td><td colspan=\\"1\\" rowspan=\\"1\\"><p>   X</p></td><td colspan=\\"1\\" rowspan=\\"1\\"><p>  X</p></td><td colspan=\\"1\\" rowspan=\\"1\\"><p>  X</p></td><td colspan=\\"1\\" rowspan=\\"1\\"><p>  X</p></td><td colspan=\\"1\\" rowspan=\\"1\\"><p>  X</p></td></tr></tbody></table>"
`;

exports[`grid-table double 1`] = `
"<h1>Grid table</h1>
<h2>Basic example</h2>
<table><thead><tr><th colspan=\\"2\\" rowspan=\\"1\\"><p>テーブル表題</p></th><th colspan=\\"1\\" rowspan=\\"1\\"><p>表題</p></th></tr><tr><th colspan=\\"1\\" rowspan=\\"1\\"><p>副題</p></th><th colspan=\\"1\\" rowspan=\\"1\\"><p>見出し</p></th><th colspan=\\"1\\" rowspan=\\"1\\"><p>セル</p></th></tr></thead><tbody><tr><td colspan=\\"1\\" rowspan=\\"2\\"><p>行の
結合
列</p></td><td colspan=\\"2\\" rowspan=\\"1\\"><p>列の結合行</p></td></tr><tr><td colspan=\\"1\\" rowspan=\\"1\\"><p>標準</p></td><td colspan=\\"1\\" rowspan=\\"1\\"><p>セル</p></td></tr><tr><td colspan=\\"1\\" rowspan=\\"1\\"><p>複数
行の</p><p>セル
結合</p></td><td colspan=\\"2\\" rowspan=\\"1\\"><p><em>書式つきの</em>
<strong>段落</strong>
セル</p></td></tr></tbody></table>
<table><thead><tr><th colspan=\\"1\\" rowspan=\\"1\\"><p>あ</p></th><th colspan=\\"1\\" rowspan=\\"1\\"><p>い</p></th><th colspan=\\"1\\" rowspan=\\"1\\"><p>う</p></th></tr></thead><tbody><tr><td colspan=\\"1\\" rowspan=\\"2\\"><p>え</p></td><td colspan=\\"2\\" rowspan=\\"1\\"><p>お</p></td></tr><tr><td colspan=\\"1\\" rowspan=\\"1\\"><p>か</p></td><td colspan=\\"1\\" rowspan=\\"1\\"><p>き</p></td></tr></tbody></table>
<table><tbody><tr><td colspan=\\"1\\" rowspan=\\"3\\"><p>あ</p></td><td colspan=\\"2\\" rowspan=\\"1\\"><p>い</p></td></tr><tr><td colspan=\\"1\\" rowspan=\\"1\\"><p>う</p></td><td colspan=\\"1\\" rowspan=\\"1\\"><p>え</p></td></tr><tr><td colspan=\\"2\\" rowspan=\\"1\\"><p>お</p></td></tr></tbody></table>
<table><tbody><tr><td colspan=\\"3\\" rowspan=\\"1\\"><p>あ</p></td></tr><tr><td colspan=\\"1\\" rowspan=\\"2\\"><p>い</p></td><td colspan=\\"1\\" rowspan=\\"1\\"><p>う</p></td><td colspan=\\"1\\" rowspan=\\"2\\"><p>え</p></td></tr><tr><td colspan=\\"1\\" rowspan=\\"1\\"><p>お</p></td></tr></tbody></table>
<table><tbody><tr><td colspan=\\"1\\" rowspan=\\"4\\"><p>う</p></td><td colspan=\\"1\\" rowspan=\\"2\\"><p>え</p></td><td colspan=\\"1\\" rowspan=\\"1\\"><p>お</p></td></tr><tr><td colspan=\\"1\\" rowspan=\\"1\\"><p>か</p></td></tr><tr><td colspan=\\"1\\" rowspan=\\"2\\"><p>き</p></td><td colspan=\\"1\\" rowspan=\\"1\\"><p>く</p></td></tr><tr><td colspan=\\"1\\" rowspan=\\"1\\"><p>け</p></td></tr></tbody></table>
<table><tbody><tr><td colspan=\\"1\\" rowspan=\\"1\\"><p>あ</p></td><td colspan=\\"1\\" rowspan=\\"2\\"><p>い</p></td><td colspan=\\"1\\" rowspan=\\"4\\"><p>う</p></td></tr><tr><td colspan=\\"1\\" rowspan=\\"1\\"><p>え</p></td></tr><tr><td colspan=\\"1\\" rowspan=\\"1\\"><p>お</p></td><td colspan=\\"1\\" rowspan=\\"2\\"><p>か</p></td></tr><tr><td colspan=\\"1\\" rowspan=\\"1\\"><p>き</p></td></tr></tbody></table>
<table><tbody><tr><td colspan=\\"1\\" rowspan=\\"1\\"><p>あ</p></td><td colspan=\\"1\\" rowspan=\\"1\\"><p>い</p></td><td colspan=\\"1\\" rowspan=\\"1\\"><p>う</p></td><td colspan=\\"1\\" rowspan=\\"1\\"><p>え</p></td></tr><tr><td colspan=\\"2\\" rowspan=\\"1\\"><p>お</p></td><td colspan=\\"2\\" rowspan=\\"1\\"><p>か</p></td></tr><tr><td colspan=\\"4\\" rowspan=\\"1\\"><p>き</p></td></tr></tbody></table>
<table><tbody><tr><td colspan=\\"4\\" rowspan=\\"1\\"><p>あ</p></td></tr><tr><td colspan=\\"2\\" rowspan=\\"1\\"><p>い</p></td><td colspan=\\"2\\" rowspan=\\"1\\"><p>う</p></td></tr><tr><td colspan=\\"1\\" rowspan=\\"1\\"><p>え</p></td><td colspan=\\"1\\" rowspan=\\"1\\"><p>お</p></td><td colspan=\\"1\\" rowspan=\\"1\\"><p>か</p></td><td colspan=\\"1\\" rowspan=\\"1\\"><p>き</p></td></tr></tbody></table>
<table><tbody><tr><td colspan=\\"1\\" rowspan=\\"3\\"><p>あ</p></td><td colspan=\\"1\\" rowspan=\\"2\\"><p>い</p></td><td colspan=\\"1\\" rowspan=\\"1\\"><p>う</p></td><td colspan=\\"1\\" rowspan=\\"1\\"><p>え</p></td><td colspan=\\"1\\" rowspan=\\"2\\"><p>お</p></td><td colspan=\\"1\\" rowspan=\\"3\\"><p>か</p></td></tr><tr><td colspan=\\"2\\" rowspan=\\"1\\"><p>き</p></td></tr><tr><td colspan=\\"4\\" rowspan=\\"1\\"><p>く</p></td></tr><tr><td colspan=\\"6\\" rowspan=\\"1\\"><p>け</p></td></tr></tbody></table>
<table><thead><tr><th colspan=\\"1\\" rowspan=\\"1\\"><p>あ</p></th><th colspan=\\"6\\" rowspan=\\"1\\"><p>い</p></th></tr></thead><tbody><tr><td colspan=\\"1\\" rowspan=\\"4\\"><p>う</p></td><td colspan=\\"6\\" rowspan=\\"4\\"><table><tbody><tr><td colspan=\\"1\\" rowspan=\\"1\\"><p>え</p></td><td colspan=\\"1\\" rowspan=\\"1\\"><p>お</p></td><td colspan=\\"1\\" rowspan=\\"1\\"><p>か</p></td><td colspan=\\"1\\" rowspan=\\"1\\"><p>き</p></td></tr><tr><td colspan=\\"4\\" rowspan=\\"1\\"><p>く</p></td></tr></tbody></table></td></tr><tr></tr><tr></tr><tr></tr></tbody></table>
<table><tbody><tr><td colspan=\\"1\\" rowspan=\\"1\\"><p>あ</p></td></tr></tbody></table>
<p>Text at the end</p>
<table><tbody><tr><td colspan=\\"1\\" rowspan=\\"1\\"><p>あ</p></td></tr></tbody></table>
<p>Text at the</p>
<h2>specific tests</h2>
<p>In this examples, the second row should always be a full-cell</p>
<table><tbody><tr><td colspan=\\"4\\" rowspan=\\"1\\"><p>あ</p></td></tr><tr><td colspan=\\"4\\" rowspan=\\"1\\"><p>い | う</p></td></tr><tr><td colspan=\\"1\\" rowspan=\\"1\\"><p>え</p></td><td colspan=\\"1\\" rowspan=\\"1\\"><p>お</p></td><td colspan=\\"1\\" rowspan=\\"1\\"><p>か</p></td><td colspan=\\"1\\" rowspan=\\"1\\"><p>き</p></td></tr></tbody></table>
<table><tbody><tr><td colspan=\\"1\\" rowspan=\\"1\\"><p>あ</p></td><td colspan=\\"3\\" rowspan=\\"1\\"></td></tr><tr><td colspan=\\"4\\" rowspan=\\"1\\"><p>い | う</p></td></tr><tr><td colspan=\\"2\\" rowspan=\\"1\\"><p>え   お</p></td><td colspan=\\"1\\" rowspan=\\"1\\"><p>か</p></td><td colspan=\\"1\\" rowspan=\\"1\\"><p>き</p></td></tr></tbody></table>
<table><tbody><tr><td colspan=\\"1\\" rowspan=\\"1\\"><p>あ</p></td><td colspan=\\"1\\" rowspan=\\"1\\"><p>い</p></td><td colspan=\\"1\\" rowspan=\\"1\\"><p>う</p></td><td colspan=\\"1\\" rowspan=\\"1\\"><p>え</p></td></tr><tr><td colspan=\\"4\\" rowspan=\\"1\\"><p>い | う</p></td></tr><tr><td colspan=\\"1\\" rowspan=\\"1\\"><p>え</p></td><td colspan=\\"1\\" rowspan=\\"1\\"><p>お</p></td><td colspan=\\"1\\" rowspan=\\"1\\"><p>か</p></td><td colspan=\\"1\\" rowspan=\\"1\\"><p>き</p></td></tr></tbody></table>
<table><tbody><tr><td colspan=\\"1\\" rowspan=\\"1\\"><p>あ</p></td><td colspan=\\"1\\" rowspan=\\"1\\"><p>い</p></td><td colspan=\\"1\\" rowspan=\\"1\\"><p>う</p></td><td colspan=\\"1\\" rowspan=\\"1\\"><p>え</p></td></tr><tr><td colspan=\\"4\\" rowspan=\\"1\\"><p>い  | う</p></td></tr><tr><td colspan=\\"1\\" rowspan=\\"1\\"><p>え</p></td><td colspan=\\"1\\" rowspan=\\"1\\"><p>お</p></td><td colspan=\\"1\\" rowspan=\\"1\\"><p>か</p></td><td colspan=\\"1\\" rowspan=\\"1\\"><p>き</p></td></tr></tbody></table>
<h2>Failing example</h2>
<p>+--- あ ---+</p>
<p>+---------+
+---------+</p>
<p>+---------+
| あ      |
|         |</p>
<p>+---------+
| あ      |
+=========+
| い      |
+=========+</p>
<p>+--- あ ---+
|          |</p>
<table><tbody><tr><td colspan=\\"1\\" rowspan=\\"1\\"></td></tr></tbody></table>
<p>Bug #107</p>
<table><thead><tr><th colspan=\\"1\\" rowspan=\\"1\\"></th><th colspan=\\"2\\" rowspan=\\"1\\"><p>例1</p></th><th colspan=\\"2\\" rowspan=\\"1\\"><p>例2</p></th><th colspan=\\"1\\" rowspan=\\"1\\"><p>例3</p></th></tr><tr><th colspan=\\"1\\" rowspan=\\"1\\"></th><th colspan=\\"1\\" rowspan=\\"1\\"><p>例4</p></th><th colspan=\\"1\\" rowspan=\\"1\\"><p>例5</p></th><th colspan=\\"1\\" rowspan=\\"1\\"><p>例6</p></th><th colspan=\\"1\\" rowspan=\\"1\\"><p>例7</p></th><th colspan=\\"1\\" rowspan=\\"1\\"></th></tr></thead><tbody><tr><td colspan=\\"1\\" rowspan=\\"1\\"><p>あ</p></td><td colspan=\\"1\\" rowspan=\\"1\\"><p>い</p></td><td colspan=\\"1\\" rowspan=\\"1\\"><p>う</p></td><td colspan=\\"1\\" rowspan=\\"1\\"><p>え</p></td><td colspan=\\"1\\" rowspan=\\"1\\"><p>お</p></td><td colspan=\\"1\\" rowspan=\\"1\\"><p>か</p></td></tr></tbody></table>
<h2>Emoji</h2>
<table><thead><tr><th colspan=\\"1\\" rowspan=\\"1\\"><p>xy</p></th><th colspan=\\"1\\" rowspan=\\"1\\"><p>🐶</p></th><th colspan=\\"1\\" rowspan=\\"1\\"><p>🍣</p></th></tr></thead><tbody><tr><td colspan=\\"1\\" rowspan=\\"2\\"><p>✌</p></td><td colspan=\\"2\\" rowspan=\\"1\\"><p>👏 🌵</p></td></tr><tr><td colspan=\\"1\\" rowspan=\\"1\\"><p>🦄</p></td><td colspan=\\"1\\" rowspan=\\"1\\"><p>👨‍👨‍👧‍👦</p></td></tr></tbody></table>
<h2>Emoji and Ambiguous Width</h2>
<table><thead><tr><th colspan=\\"1\\" rowspan=\\"1\\"><p>xy</p></th><th colspan=\\"1\\" rowspan=\\"1\\"><p>🐶</p></th><th colspan=\\"1\\" rowspan=\\"1\\"><p>é</p></th></tr></thead><tbody><tr><td colspan=\\"1\\" rowspan=\\"2\\"><p>✌</p></td><td colspan=\\"2\\" rowspan=\\"1\\"><p>👏 🌵</p></td></tr><tr><td colspan=\\"1\\" rowspan=\\"1\\"><p>è</p></td><td colspan=\\"1\\" rowspan=\\"1\\"><p>👨‍👨‍👧‍👦</p></td></tr></tbody></table>"
`;

exports[`handles Cyrillic script 1`] = `"<table><tbody><tr><td colspan=\\"1\\" rowspan=\\"1\\"><p>z</p></td><td colspan=\\"1\\" rowspan=\\"1\\"><p>z</p></td><td colspan=\\"1\\" rowspan=\\"1\\"><p>z</p></td><td colspan=\\"1\\" rowspan=\\"1\\"><p>z</p></td><td colspan=\\"1\\" rowspan=\\"1\\"><p>z</p></td><td colspan=\\"1\\" rowspan=\\"1\\"><p>z</p></td><td colspan=\\"1\\" rowspan=\\"1\\"><p>z</p></td><td colspan=\\"1\\" rowspan=\\"1\\"><p>z</p></td><td colspan=\\"1\\" rowspan=\\"1\\"><p>z</p></td><td colspan=\\"1\\" rowspan=\\"1\\"><p>z</p></td><td colspan=\\"1\\" rowspan=\\"1\\"><p>z</p></td><td colspan=\\"1\\" rowspan=\\"1\\"><p>z</p></td><td colspan=\\"1\\" rowspan=\\"1\\"><p>z</p></td><td colspan=\\"1\\" rowspan=\\"1\\"><p>z</p></td><td colspan=\\"1\\" rowspan=\\"1\\"><p>z</p></td><td colspan=\\"1\\" rowspan=\\"1\\"><p>z</p></td><td colspan=\\"1\\" rowspan=\\"1\\"><p>z</p></td><td colspan=\\"1\\" rowspan=\\"1\\"><p>z</p></td><td colspan=\\"1\\" rowspan=\\"1\\"><p>z</p></td><td colspan=\\"1\\" rowspan=\\"1\\"><p>z</p></td><td colspan=\\"1\\" rowspan=\\"1\\"><p>z</p></td><td colspan=\\"1\\" rowspan=\\"1\\"><p>z</p></td><td colspan=\\"1\\" rowspan=\\"1\\"><p>z</p></td><td colspan=\\"1\\" rowspan=\\"1\\"><p>z</p></td><td colspan=\\"1\\" rowspan=\\"1\\"><p>z</p></td><td colspan=\\"1\\" rowspan=\\"1\\"><p>z</p></td><td colspan=\\"1\\" rowspan=\\"1\\"><p>z</p></td><td colspan=\\"1\\" rowspan=\\"1\\"><p>z</p></td><td colspan=\\"1\\" rowspan=\\"1\\"><p>z</p></td><td colspan=\\"1\\" rowspan=\\"1\\"><p>z</p></td><td colspan=\\"1\\" rowspan=\\"1\\"><p>z</p></td><td colspan=\\"1\\" rowspan=\\"1\\"><p>z</p></td><td colspan=\\"1\\" rowspan=\\"1\\"><p>z</p></td></tr><tr><td colspan=\\"1\\" rowspan=\\"1\\"><p>А</p></td><td colspan=\\"1\\" rowspan=\\"1\\"><p>Б</p></td><td colspan=\\"1\\" rowspan=\\"1\\"><p>В</p></td><td colspan=\\"1\\" rowspan=\\"1\\"><p>Г</p></td><td colspan=\\"1\\" rowspan=\\"1\\"><p>Д</p></td><td colspan=\\"1\\" rowspan=\\"1\\"><p>Е</p></td><td colspan=\\"1\\" rowspan=\\"1\\"><p>Ё</p></td><td colspan=\\"1\\" rowspan=\\"1\\"><p>Ж</p></td><td colspan=\\"1\\" rowspan=\\"1\\"><p>З</p></td><td colspan=\\"1\\" rowspan=\\"1\\"><p>И</p></td><td colspan=\\"1\\" rowspan=\\"1\\"><p>Й</p></td><td colspan=\\"1\\" rowspan=\\"1\\"><p>К</p></td><td colspan=\\"1\\" rowspan=\\"1\\"><p>Л</p></td><td colspan=\\"1\\" rowspan=\\"1\\"><p>М</p></td><td colspan=\\"1\\" rowspan=\\"1\\"><p>Н</p></td><td colspan=\\"1\\" rowspan=\\"1\\"><p>О</p></td><td colspan=\\"1\\" rowspan=\\"1\\"><p>П</p></td><td colspan=\\"1\\" rowspan=\\"1\\"><p>Р</p></td><td colspan=\\"1\\" rowspan=\\"1\\"><p>С</p></td><td colspan=\\"1\\" rowspan=\\"1\\"><p>Т</p></td><td colspan=\\"1\\" rowspan=\\"1\\"><p>У</p></td><td colspan=\\"1\\" rowspan=\\"1\\"><p>Ф</p></td><td colspan=\\"1\\" rowspan=\\"1\\"><p>Х</p></td><td colspan=\\"1\\" rowspan=\\"1\\"><p>Ц</p></td><td colspan=\\"1\\" rowspan=\\"1\\"><p>Ч</p></td><td colspan=\\"1\\" rowspan=\\"1\\"><p>Ш</p></td><td colspan=\\"1\\" rowspan=\\"1\\"><p>Щ</p></td><td colspan=\\"1\\" rowspan=\\"1\\"><p>Ъ</p></td><td colspan=\\"1\\" rowspan=\\"1\\"><p>Ы</p></td><td colspan=\\"1\\" rowspan=\\"1\\"><p>Ь</p></td><td colspan=\\"1\\" rowspan=\\"1\\"><p>Э</p></td><td colspan=\\"1\\" rowspan=\\"1\\"><p>Ю</p></td><td colspan=\\"1\\" rowspan=\\"1\\"><p>Я</p></td></tr><tr><td colspan=\\"1\\" rowspan=\\"1\\"><p>а</p></td><td colspan=\\"1\\" rowspan=\\"1\\"><p>б</p></td><td colspan=\\"1\\" rowspan=\\"1\\"><p>в</p></td><td colspan=\\"1\\" rowspan=\\"1\\"><p>г</p></td><td colspan=\\"1\\" rowspan=\\"1\\"><p>д</p></td><td colspan=\\"1\\" rowspan=\\"1\\"><p>е</p></td><td colspan=\\"1\\" rowspan=\\"1\\"><p>ё</p></td><td colspan=\\"1\\" rowspan=\\"1\\"><p>ж</p></td><td colspan=\\"1\\" rowspan=\\"1\\"><p>з</p></td><td colspan=\\"1\\" rowspan=\\"1\\"><p>и</p></td><td colspan=\\"1\\" rowspan=\\"1\\"><p>й</p></td><td colspan=\\"1\\" rowspan=\\"1\\"><p>к</p></td><td colspan=\\"1\\" rowspan=\\"1\\"><p>л</p></td><td colspan=\\"1\\" rowspan=\\"1\\"><p>м</p></td><td colspan=\\"1\\" rowspan=\\"1\\"><p>н</p></td><td colspan=\\"1\\" rowspan=\\"1\\"><p>о</p></td><td colspan=\\"1\\" rowspan=\\"1\\"><p>п</p></td><td colspan=\\"1\\" rowspan=\\"1\\"><p>р</p></td><td colspan=\\"1\\" rowspan=\\"1\\"><p>с</p></td><td colspan=\\"1\\" rowspan=\\"1\\"><p>т</p></td><td colspan=\\"1\\" rowspan=\\"1\\"><p>у</p></td><td colspan=\\"1\\" rowspan=\\"1\\"><p>ф</p></td><td colspan=\\"1\\" rowspan=\\"1\\"><p>х</p></td><td colspan=\\"1\\" rowspan=\\"1\\"><p>ц</p></td><td colspan=\\"1\\" rowspan=\\"1\\"><p>ч</p></td><td colspan=\\"1\\" rowspan=\\"1\\"><p>ш</p></td><td colspan=\\"1\\" rowspan=\\"1\\"><p>щ</p></td><td colspan=\\"1\\" rowspan=\\"1\\"><p>ъ</p></td><td colspan=\\"1\\" rowspan=\\"1\\"><p>ы</p></td><td colspan=\\"1\\" rowspan=\\"1\\"><p>ь</p></td><td colspan=\\"1\\" rowspan=\\"1\\"><p>э</p></td><td colspan=\\"1\\" rowspan=\\"1\\"><p>ю</p></td><td colspan=\\"1\\" rowspan=\\"1\\"><p>я</p></td></tr></tbody></table>"`;

exports[`handles Cyrillic script 2`] = `"<table><tbody><tr><td colspan=\\"1\\" rowspan=\\"1\\"><p>abc</p></td></tr><tr><td colspan=\\"1\\" rowspan=\\"1\\"><p>ѥръ</p></td></tr></tbody></table>"`;

exports[`handles Cyrillic script 3`] = `"<table><tbody><tr><td colspan=\\"1\\" rowspan=\\"1\\"><p>Ӂ</p></td></tr></tbody></table>"`;

exports[`handles Cyrillic script 4`] = `"<table><tbody><tr><td colspan=\\"1\\" rowspan=\\"1\\"><p>z</p></td><td colspan=\\"1\\" rowspan=\\"1\\"><p>z</p></td></tr><tr><td colspan=\\"1\\" rowspan=\\"1\\"><p>Ӽ</p></td><td colspan=\\"1\\" rowspan=\\"1\\"><p>ӽ</p></td></tr><tr><td colspan=\\"1\\" rowspan=\\"1\\"><p>Ў</p></td><td colspan=\\"1\\" rowspan=\\"1\\"><p>ў</p></td></tr></tbody></table>"`;

exports[`regression: grid table in fenced code block 1`] = `
"<pre><code>+---+---+---+
| A | B | C |
+===+===+===+
| D | E     |
|   +---+---+
|   | F | G |
+---+---+---+
</code></pre>"
`;

exports[`regression: grid table in non-fenced code block 1`] = `
"<pre><code>+---+---+---+
| A | B | C |
+===+===+===+
| D | E     |
|   +---+---+
|   | F | G |
+---+---+---+
</code></pre>"
`;

exports[`regression: should not crash with two spaces on the next line 1`] = `"<table><tbody><tr><td colspan=\\"1\\" rowspan=\\"1\\"><p>:)</p></td><td colspan=\\"1\\" rowspan=\\"1\\"><p>:)</p></td></tr></tbody></table>"`;

exports[`whitespace in cells 1`] = `
"<table><thead><tr><th colspan=\\"1\\" rowspan=\\"1\\"><p>A</p></th></tr></thead><tbody><tr><td colspan=\\"1\\" rowspan=\\"1\\"><ul>
<li>
<p>Top</p>
<ul>
<li>Nested</li>
<li>Nested</li>
<li>Nested</li>
</ul>
</li>
<li>Top</li>
</ul></td></tr><tr><td colspan=\\"1\\" rowspan=\\"1\\"><pre><code>Code
Block
</code></pre></td></tr></tbody></table>"
`;
